exports[`test Error view 1`] = `
<div
  className="tg-box">
   
  <p
    className="tg-block">
    Tag Gears is an extension for Google Chrome that provides an intuitive tabs management.
  </p>
  <p
    className="tg-block">
    Some of the features that will come handy:
  </p>
  <ul
    className="tg-list">
    <li
      className="tg-list__item">
      List of all open tabs.
    </li>
    <li
      className="tg-list__item">
      See incognito tabs.
    </li>
    <li
      className="tg-list__item">
      Tab discarding. Allows Chrome to automatically discard tabs that aren\'t of great interest to you when it\'s detected that system memory is running pretty low.
    </li>
    <li
      className="tg-list__item">
      Displays the number of tabs you currently have open in all your Chrome windows.
    </li>
    <li
      className="tg-list__item">
      Сlosing selective tabs.
    </li>
    <li
      className="tg-list__item">
      Closing all open tabs.
    </li>
    <li
      className="tg-list__item">
      Quick opening your extensions.
    </li>
    <li
      className="tg-list__item">
      Localization for English and Russian languages.
    </li>
    <li
      className="tg-list__item">
      Press Ctrl+Shift+T or ⌘+⇧+T keys to show or hide the browser action popup.
    </li>
    <li
      className="tg-list__item">
      Do you want to prevent closing multiple tabs? It\'s possible by default and configurable!
    </li>
  </ul>
  <p
    className="tg-block_small">
    For Issues or Feature requests, mail to: 
    <a
      className="tg-link tg-link--external tg-link--small"
      href="mailto:podebit.ms@gmail.com"
      onClick={undefined}
      tabIndex={undefined}>
      podebit.ms@gmail.com
    </a>
    <br />
    © LLC Pobedit Microsystems
  </p>
   
</div>
`;
